74LS124	DRAW;BODYC DRW
38L	DRAW;BODYC DRW
38	DRAW;BODYC DRW
8838	DRAW;BODYC DRW
04L	DRAW;BODYC DRW
50	DRAW;BODYC DRW
S51	DRAW;BODYC DRW
LS74	DRAW;BODYC DRW
HRES	DRAW;BODYC DRW
S64L	DRAW;BODYC DRW
S64	DRAW;BODYC DRW
POT	DRAW;BODYC DRW
BNC	DRAW;BODYC DRW
74LS163	DRAW;BODYC DRW
DPOT	DRAW;BODYC DRW
DCAP	DRAW;BODYC DRW
DRES	DRAW;BODYC DRW
74S124	DRAW;BODYC DRW
74S151	DRAW;BODYC DRW
TD100	DRAW;BODYC DRW
TD25	DRAW;BODYC DRW
74S86	DRAW;BODYC DRW
74S133	DRAW;BODYC DRW
74S20	DRAW;BODYC DRW
74S10	DRAW;BODYC DRW
74S08	DRAW;BODYC DRW
74S04	DRAW;BODYC DRW
74S02	DRAW;BODYC DRW
74S00	DRAW;BODYC DRW
DM8096	DRAW;BODYC DRW
74S85A	DRAW;BODYC DRW
GND	DRAW;BODYC DRW
RESDIP	DRAW;BODYC DRW
74S112	DRAW;BODYC DRW
82S29	DRAW;BODYC DRW
74S51	DRAW;BODYC DRW
74S138	DRAW;BODYC DRW
74S74	DRAW;BODYC DRW
74173	DRAW;BODYC DRW
DM8837	DRAW;BODYC DRW
DM8838	DRAW;BODYC DRW
S00	DRAW;BODYC DRW
S02	DRAW;BODYC DRW
S04	DRAW;BODYC DRW
S08	DRAW;BODYC DRW
S00L	DRAW;BODYC DRW
S02L	DRAW;BODYC DRW
S04L	DRAW;BODYC DRW
S08L	DRAW;BODYC DRW
S10L	DRAW;BODYC DRW
S20L	DRAW;BODYC DRW
S11	DRAW;BODYC DRW
S133	DRAW;BODYC DRW
S37	DRAW;BODYC DRW
S37L	DRAW;BODYC DRW
74S189	DRAW;BODYC DRW
74S163	DRAW;BODYC DRW
74S174	DRAW;BODYC DRW
93S46	DRAW;BODYC DRW
3404	DRAW;BODYC DRW
74S157	DRAW;BODYC DRW
74S158	DRAW;BODYC DRW
25S07	DRAW;BODYC DRW
74S181	DRAW;BODYC DRW
S10	DRAW;BODYC DRW
S20	DRAW;BODYC DRW
S133L	DRAW;BODYC DRW
74S260	DRAW;BODYC DRW
74175	DRAW;BODYC DRW
7428	DRAW;BODYC DRW
25S08	DRAW;BODYC DRW
93415	DRAW;BODYC DRW
82S123	DRAW;BODYC DRW
74S175	DRAW;BODYC DRW
82S21	DRAW;BODYC DRW
9348	DRAW;BODYC DRW
82S17	DRAW;BODYC DRW
74S153	DRAW;BODYC DRW
74S182	DRAW;BODYC DRW
82S34	DRAW;BODYC DRW
9S42	DRAW;BODYC DRW
25S09	DRAW;BODYC DRW
74S169	DRAW;BODYC DRW
25S10	DRAW;BODYC DRW
74S194	DRAW;BODYC DRW
74283	DRAW;BODYC DRW
82S23	DRAW;BODYC DRW
9338	DRAW;BODYC DRW
9328	DRAW;BODYC DRW
9334	DRAW;BODYC DRW
93S137	DRAW;BODYC DRW
DM8095	DRAW;BODYC DRW
TD250	DRAW;BODYC DRW
74279	DRAW;BODYC DRW
27LS00	DRAW;BODYC DRW
74S85	DRAW;BODYC DRW
74S200	DRAW;BODYC DRW
74S257	DRAW;BODYC DRW
74S280	DRAW;BODYC DRW
82S09	DRAW;BODYC DRW
74S37	DRAW;BODYC DRW
74LS257	DRAW;BODYC DRW
74S258	DRAW;BODYC DRW
74S251	DRAW;BODYC DRW
S11L	DRAW;BODYC DRW
7438	DRAW;BODYC DRW
TCAP	DRAW;BODYC DRW
SG83	DRAW;BODYC DRW
8136	DRAW;BODYC DRW
8838A	DRAW;BODYC DRW
8837	DRAW;BODYC DRW
RES	DRAW;BODYC DRW
3341	DRAW;BODYC DRW
2104	DRAW;BODYC DRW
3459	DRAW;BODYC DRW
SOCKT	DRAW;BODYC DRW
SERRES	DRAW;BODYC DRW
DM8136	DRAW;BODYC DRW
S74	DRAW;BODYC DRW
16DUMMY	DRAW;BODYC DRW
26S02	DRAW;BODYC DRW
S86	DRAW;BODYC DRW
S112	DRAW;BODYC DRW
DIODE	DRAW;BODYC DRW
NE522	DRAW;BODYC DRW
CAP	DRAW;BODYC DRW
DIPOSC	DRAW;BODYC DRW
20	DRAW;BODYC DRW
10	DRAW;BODYC DRW
10L	DRAW;BODYC DRW
20L	DRAW;BODYC DRW
04	DRAW;BODYC DRW
08	DRAW;BODYC DRW
08L	DRAW;BODYC DRW
LS08	DRAW;BODYC DRW
LS08L	DRAW;BODYC DRW
LS04	DRAW;BODYC DRW
LS04L	DRAW;BODYC DRW
00	DRAW;BODYC DRW
00L	DRAW;BODYC DRW
02	DRAW;BODYC DRW
02L	DRAW;BODYC DRW
LS00	DRAW;BODYC DRW
LS00L	DRAW;BODYC DRW
LS02	DRAW;BODYC DRW
LS02L	DRAW;BODYC DRW
LS10	DRAW;BODYC DRW
LS10L	DRAW;BODYC DRW
11	DRAW;BODYC DRW
11L	DRAW;BODYC DRW
LS11	DRAW;BODYC DRW
LS11L	DRAW;BODYC DRW
LS20	DRAW;BODYC DRW
LS20L	DRAW;BODYC DRW
DIPSW	DRAW;BODYC DRW
74LS164	DRAW;BODYC DRW
279A	DRAW;BODYC DRW
279B	DRAW;BODYC DRW
FLTCBLI	DRAW;BODYC DRW
FLTCBLO	DRAW;BODYC DRW
COMMENT	DRAW;BODYC DRW
14	DRAW;BODYC DRW
14L	DRAW;BODYC DRW
S38	DRAW;BODYC DRW
S38L	DRAW;BODYC DRW
LS21	DRAW;BODYC DRW
LS21L	DRAW;BODYC DRW
74S139	DRAW;BODYC DRW
32	DRAW;BODYC DRW
S32	DRAW;BODYC DRW
S32L	DRAW;BODYC DRW
8T26	DRAW;BODYC DRW
26S10	DRAW;BODYC DRW
26S11	DRAW;BODYC DRW
TERM	DRAW;BODYC DRW
